INFO  2026-08-08T12:32:13.108 initLogger() success logDir= "E:/Codes/QT-c++/glintree/build/Desktop_Qt_6_8_3_MSVC2022_64bit_Debug/release/logs" 
INFO  2026-08-08T12:32:13.113 "Glintree V1.9,qwebengine V6.8.3 chromium V122.0.6261.171 chromiumSP V134.0.6998.89" 
INFO  2026-08-08T12:32:13.123 MainWindow::MainWindow() screens.size= 1 ,screenW= 2560 ,screenH= 1440 ,initW= 1440 ,initH= 960 
INFO  2026-08-08T12:32:13.552 Database.cpp succee to connect sqlite 
INFO  2026-08-08T12:32:13.563 Database::setFinger finger= "5a6B5aSVLWViZjE0MTRlLTI1ZDYtNDhlNi1iOTcyLTNiZDQzZjU2YTUxYQ==" 
INFO  2026-08-08T12:32:16.540 ApiCheckVersion::checkVersion url= "*/checkVersion?version=1.9&prettyProductName=Windows 11 Version 25H2&machineHostName=宁夕&bootUniqueId=&buildAbi=x86_64-little_endian-llp64&kernelType=winnt&kernelVersion=10.0.26200&buildCpuArchitecture=x86_64&currentCpuArchitecture=x86_64&productType=windows&finger=5a6B5aSVLWViZjE0MTRlLTI1ZDYtNDhlNi1iOTcyLTNiZDQzZjU2YTUxYQ==&machineUniqueId=ebf1414e-25d6-48e6-b972-3bd43f56a51a&productVersion=11" 
INFO  2026-08-08T12:32:16.739 ApiCheckVersion::onRequestFinished state= false ,msg= "Protocol \"\" is unknown" 
INFO  2026-08-08T12:32:38.153 Task::Task() 
INFO  2026-08-08T12:32:38.216 TaskWebEngineView::TaskWebEngineView() 
INFO  2026-08-08T12:32:38.217 TaskWebEnginePage::TaskWebEnginePage() 
INFO  2026-08-08T12:33:12.274 TaskDo::loadUrl() url= "http://www.baidu.com" 
INFO  2026-08-08T12:33:19.039 MainWindow::~MainWindow() 
INFO  2026-08-08T12:33:19.045 Task::~Task() 
INFO  2026-08-08T12:33:19.046 TaskWebEngineView::~TaskWebEngineView() 
INFO  2026-08-08T12:33:19.046 TaskWebEnginePage::~TaskWebEnginePage() 
INFO  2026-08-08T13:55:05.296 initLogger() success logDir= "E:/Codes/QT-c++/glintree/build/Desktop_Qt_6_8_3_MSVC2022_64bit_Debug/release/logs" 
INFO  2026-08-08T13:55:05.296 "Glintree V2.0,qwebengine V6.8.3 chromium V122.0.6261.171 chromiumSP V134.0.6998.89" 
INFO  2026-08-08T13:55:05.313 MainWindow::MainWindow() screens.size= 1 ,screenW= 2560 ,screenH= 1440 ,initW= 1440 ,initH= 960 
INFO  2026-08-08T13:55:05.531 Database.cpp succee to connect sqlite 
INFO  2026-08-08T13:55:05.531 Database::setFinger finger= "5a6B5aSVLWViZjE0MTRlLTI1ZDYtNDhlNi1iOTcyLTNiZDQzZjU2YTUxYQ==" 
INFO  2026-08-08T13:55:12.360 ApiCheckVersion::checkVersion url= "*/checkVersion?version=2.0&productType=windows&bootUniqueId=&buildCpuArchitecture=x86_64&productVersion=11&machineUniqueId=ebf1414e-25d6-48e6-b972-3bd43f56a51a&kernelVersion=10.0.26200&prettyProductName=Windows 11 Version 25H2&buildAbi=x86_64-little_endian-llp64&finger=5a6B5aSVLWViZjE0MTRlLTI1ZDYtNDhlNi1iOTcyLTNiZDQzZjU2YTUxYQ==&machineHostName=宁夕&currentCpuArchitecture=x86_64&kernelType=winnt" 
INFO  2026-08-08T13:55:12.562 ApiCheckVersion::onRequestFinished state= false ,msg= "Protocol \"\" is unknown" 
INFO  2026-08-08T13:58:44.948 Task::Task() 
INFO  2026-08-08T13:58:45.016 TaskWebEngineView::TaskWebEngineView() 
INFO  2026-08-08T13:58:45.019 TaskWebEnginePage::TaskWebEnginePage() 
INFO  2026-08-08T13:59:03.193 MainWindow::~MainWindow() 
INFO  2026-08-08T13:59:03.202 Task::~Task() 
INFO  2026-08-08T13:59:03.203 TaskWebEngineView::~TaskWebEngineView() 
INFO  2026-08-08T13:59:03.203 TaskWebEnginePage::~TaskWebEnginePage() 
INFO  2026-08-08T13:59:39.931 initLogger() success logDir= "E:/Codes/QT-c++/glintree/build/Desktop_Qt_6_8_3_MSVC2022_64bit_Debug/release/logs" 
INFO  2026-08-08T13:59:39.931 "Glintree V2.0,qwebengine V6.8.3 chromium V122.0.6261.171 chromiumSP V134.0.6998.89" 
INFO  2026-08-08T13:59:39.932 MainWindow::MainWindow() screens.size= 1 ,screenW= 2560 ,screenH= 1440 ,initW= 1440 ,initH= 960 
INFO  2026-08-08T13:59:39.936 Database.cpp succee to connect sqlite 
INFO  2026-08-08T13:59:39.937 Database::setFinger finger= "5a6B5aSVLWViZjE0MTRlLTI1ZDYtNDhlNi1iOTcyLTNiZDQzZjU2YTUxYQ==" 
INFO  2026-08-08T13:59:42.418 ApiCheckVersion::checkVersion url= "*/checkVersion?version=2.0&kernelVersion=10.0.26200&productVersion=11&currentCpuArchitecture=x86_64&machineHostName=宁夕&kernelType=winnt&finger=5a6B5aSVLWViZjE0MTRlLTI1ZDYtNDhlNi1iOTcyLTNiZDQzZjU2YTUxYQ==&buildAbi=x86_64-little_endian-llp64&productType=windows&prettyProductName=Windows 11 Version 25H2&buildCpuArchitecture=x86_64&bootUniqueId=&machineUniqueId=ebf1414e-25d6-48e6-b972-3bd43f56a51a" 
INFO  2026-08-08T13:59:42.451 ApiCheckVersion::onRequestFinished state= false ,msg= "Protocol \"\" is unknown" 
INFO  2026-08-08T14:04:17.811 MainWindow::~MainWindow() 
INFO  2026-08-08T14:04:48.946 initLogger() success logDir= "E:/Codes/QT-c++/glintree/build/Desktop_Qt_6_8_3_MSVC2022_64bit_Debug/release/logs" 
INFO  2026-08-08T14:04:48.947 "Glintree V2.0,qwebengine V6.8.3 chromium V122.0.6261.171 chromiumSP V134.0.6998.89" 
INFO  2026-08-08T14:04:48.947 MainWindow::MainWindow() screens.size= 1 ,screenW= 1707 ,screenH= 960 ,initW= 960 ,initH= 640 
INFO  2026-08-08T14:04:48.951 Database.cpp succee to connect sqlite 
INFO  2026-08-08T14:04:48.952 Database::setFinger finger= "5a6B5aSVLWViZjE0MTRlLTI1ZDYtNDhlNi1iOTcyLTNiZDQzZjU2YTUxYQ==" 
INFO  2026-08-08T14:04:51.697 ApiCheckVersion::checkVersion url= "*/checkVersion?version=2.0&buildAbi=x86_64-little_endian-llp64&kernelType=winnt&finger=5a6B5aSVLWViZjE0MTRlLTI1ZDYtNDhlNi1iOTcyLTNiZDQzZjU2YTUxYQ==&machineHostName=宁夕&prettyProductName=Windows 11 Version 25H2&buildCpuArchitecture=x86_64&kernelVersion=10.0.26200&machineUniqueId=ebf1414e-25d6-48e6-b972-3bd43f56a51a&productType=windows&productVersion=11&currentCpuArchitecture=x86_64&bootUniqueId=" 
INFO  2026-08-08T14:04:51.729 ApiCheckVersion::onRequestFinished state= false ,msg= "Protocol \"\" is unknown" 
INFO  2026-08-08T14:04:53.588 Task::Task() 
INFO  2026-08-08T14:04:53.659 TaskWebEngineView::TaskWebEngineView() 
INFO  2026-08-08T14:04:53.659 TaskWebEnginePage::TaskWebEnginePage() 
INFO  2026-08-08T14:18:43.987 MainWindow::~MainWindow() 
INFO  2026-08-08T14:18:43.987 Task::~Task() 
INFO  2026-08-08T14:18:43.994 TaskWebEngineView::~TaskWebEngineView() 
INFO  2026-08-08T14:18:43.994 TaskWebEnginePage::~TaskWebEnginePage() 
